2026-08-13 00:26:06,346-INFO-ingesting purchases.csv in db
2026-08-13 00:26:18,185-INFO-ingesting purchase_prices.csv in db
2026-08-13 00:26:18,229-INFO-ingesting vendor_invoice.csv in db
2026-08-13 00:26:18,362-INFO-ingesting begin_inventory.csv in db
2026-08-13 00:26:19,098-INFO-ingesting end_inventory.csv in db
2026-08-13 00:26:27,285-INFO-ingesting sales.csv in db
2026-08-13 00:28:42,251-INFO-ingesting Complete
2026-08-13 00:28:42,257-INFO-
total time taken:2.632593834400177 minutes
2026-08-13 20:16:11,902-ERROR-No such comm target registered: jupyter.widget.control
2026-08-13 20:16:11,902-WARNING-No such comm: 56da79f1-29ed-4bef-a334-05316b937604
2026-08-13 20:16:11,902-DEBUG-Current comms: []
2026-08-13 20:16:39,814-INFO-Creating Vendor Summary Table......
2026-08-13 20:16:47,687-INFO-   VendorNumber                   VendorName  Brand              Description  \
0          1128  BROWN-FORMAN CORP             1233  Jack Daniels No 7 Black   
1          4425        MARTIGNETTI COMPANIES   3405    Tito's Handmade Vodka   
2         17035  PERNOD RICARD USA             8068         Absolut 80 Proof   
3          3960  DIAGEO NORTH AMERICA INC      4261   Capt Morgan Spiced Rum   
4          3960  DIAGEO NORTH AMERICA INC      3545          Ketel One Vodka   

   PurchasePrice  ActualPrice Volume  TotalPurchaseQuantity  \
0          26.27        36.99   1750                 145080   
1          23.19        28.99   1750                 164038   
2          18.24        24.99   1750                 187407   
3          16.17        22.99   1750                 201682   
4          21.89        29.99   1750                 138109   

   TotalPurchaseDollars  TotalSalesDollars  TotalSalesPrice  \
0            3811251.60         5101919.51        672819.31   
1            3804041.22         4819073.49        561512.37   
2            3418303.68         4538120.60        461140.15   
3            3261197.94         4475972.88        420050.01   
4            3023206.01         4223107.62        545778.28   

   TotalSalesQuantity  TotalExciseTax  FreightCost  
0            142049.0       260999.20     68601.68  
1            160247.0       294438.66    144929.24  
2            187140.0       343854.07    123780.22  
3            200412.0       368242.80    257032.07  
4            135838.0       249587.83    257032.07  
2026-08-13 20:16:47,697-INFO-Cleaning Data......
2026-08-13 20:16:47,701-INFO-   VendorNumber                VendorName  Brand              Description  \
0          1128         BROWN-FORMAN CORP   1233  Jack Daniels No 7 Black   
1          4425     MARTIGNETTI COMPANIES   3405    Tito's Handmade Vodka   
2         17035         PERNOD RICARD USA   8068         Absolut 80 Proof   
3          3960  DIAGEO NORTH AMERICA INC   4261   Capt Morgan Spiced Rum   
4          3960  DIAGEO NORTH AMERICA INC   3545          Ketel One Vodka   

   PurchasePrice  ActualPrice  Volume  TotalPurchaseQuantity  \
0          26.27        36.99  1750.0                 145080   
1          23.19        28.99  1750.0                 164038   
2          18.24        24.99  1750.0                 187407   
3          16.17        22.99  1750.0                 201682   
4          21.89        29.99  1750.0                 138109   

   TotalPurchaseDollars  TotalSalesDollars  TotalSalesPrice  \
0            3811251.60         5101919.51        672819.31   
1            3804041.22         4819073.49        561512.37   
2            3418303.68         4538120.60        461140.15   
3            3261197.94         4475972.88        420050.01   
4            3023206.01         4223107.62        545778.28   

   TotalSalesQuantity  TotalExciseTax  FreightCost  GrossProfit  ProfitMargin  \
0            142049.0       260999.20     68601.68   1290667.91     25.297693   
1            160247.0       294438.66    144929.24   1015032.27     21.062810   
2            187140.0       343854.07    123780.22   1119816.92     24.675786   
3            200412.0       368242.80    257032.07   1214774.94     27.139908   
4            135838.0       249587.83    257032.07   1199901.61     28.412764   

   StockTurnover  SalesToPurchaseRatio  
0       0.979108              1.338647  
1       0.976890              1.266830  
2       0.998575              1.327594  
3       0.993703              1.372493  
4       0.983556              1.396897  
2026-08-13 20:16:47,703-INFO-Ingesting data......
2026-08-13 20:16:47,722-INFO-Completed
2026-08-14 05:13:04,131-ERROR-No such comm target registered: jupyter.widget.control
2026-08-14 05:13:04,132-WARNING-No such comm: b240d8e6-bb7f-49f6-b642-79607033765c
2026-08-14 05:13:04,132-DEBUG-Current comms: []
